Archive member included because of file (symbol)

c:/ac6/systemworkbench/plugins/fr.ac6.mcu.externaltools.arm-none.win32_1.3.0.201507241045/tools/compiler/bin/../lib/gcc/arm-none-eabi/4.9.3/../../../../arm-none-eabi/lib/armv7e-m/fpu\libc_nano.a(lib_a-exit.o)
                              c:/ac6/systemworkbench/plugins/fr.ac6.mcu.externaltools.arm-none.win32_1.3.0.201507241045/tools/compiler/bin/../lib/gcc/arm-none-eabi/4.9.3/../../../../arm-none-eabi/lib/armv7e-m/fpu/crt0.o (exit)
c:/ac6/systemworkbench/plugins/fr.ac6.mcu.externaltools.arm-none.win32_1.3.0.201507241045/tools/compiler/bin/../lib/gcc/arm-none-eabi/4.9.3/../../../../arm-none-eabi/lib/armv7e-m/fpu\libc_nano.a(lib_a-impure.o)
                              c:/ac6/systemworkbench/plugins/fr.ac6.mcu.externaltools.arm-none.win32_1.3.0.201507241045/tools/compiler/bin/../lib/gcc/arm-none-eabi/4.9.3/../../../../arm-none-eabi/lib/armv7e-m/fpu\libc_nano.a(lib_a-exit.o) (_global_impure_ptr)
c:/ac6/systemworkbench/plugins/fr.ac6.mcu.externaltools.arm-none.win32_1.3.0.201507241045/tools/compiler/bin/../lib/gcc/arm-none-eabi/4.9.3/../../../../arm-none-eabi/lib/armv7e-m/fpu\libc_nano.a(lib_a-init.o)
                              c:/ac6/systemworkbench/plugins/fr.ac6.mcu.externaltools.arm-none.win32_1.3.0.201507241045/tools/compiler/bin/../lib/gcc/arm-none-eabi/4.9.3/../../../../arm-none-eabi/lib/armv7e-m/fpu/crt0.o (__libc_init_array)
c:/ac6/systemworkbench/plugins/fr.ac6.mcu.externaltools.arm-none.win32_1.3.0.201507241045/tools/compiler/bin/../lib/gcc/arm-none-eabi/4.9.3/../../../../arm-none-eabi/lib/armv7e-m/fpu\libc_nano.a(lib_a-memset.o)
                              c:/ac6/systemworkbench/plugins/fr.ac6.mcu.externaltools.arm-none.win32_1.3.0.201507241045/tools/compiler/bin/../lib/gcc/arm-none-eabi/4.9.3/../../../../arm-none-eabi/lib/armv7e-m/fpu/crt0.o (memset)
c:/ac6/systemworkbench/plugins/fr.ac6.mcu.externaltools.arm-none.win32_1.3.0.201507241045/tools/compiler/bin/../lib/gcc/arm-none-eabi/4.9.3/../../../../arm-none-eabi/lib/armv7e-m/fpu\libnosys.a(_exit.o)
                              c:/ac6/systemworkbench/plugins/fr.ac6.mcu.externaltools.arm-none.win32_1.3.0.201507241045/tools/compiler/bin/../lib/gcc/arm-none-eabi/4.9.3/../../../../arm-none-eabi/lib/armv7e-m/fpu\libc_nano.a(lib_a-exit.o) (_exit)

Allocating common symbols
Common symbol       size              file

pFlash              0x20              ./Drivers/STM32F4xx_HAL_Driver/stm32f4xx_hal_flash.o
hrng                0xc               ./Application/User/rng.o

Discarded input sections

 .text          0x00000000        0x0 c:/ac6/systemworkbench/plugins/fr.ac6.mcu.externaltools.arm-none.win32_1.3.0.201507241045/tools/compiler/bin/../lib/gcc/arm-none-eabi/4.9.3/armv7e-m/fpu/crti.o
 .data          0x00000000        0x0 c:/ac6/systemworkbench/plugins/fr.ac6.mcu.externaltools.arm-none.win32_1.3.0.201507241045/tools/compiler/bin/../lib/gcc/arm-none-eabi/4.9.3/armv7e-m/fpu/crti.o
 .bss           0x00000000        0x0 c:/ac6/systemworkbench/plugins/fr.ac6.mcu.externaltools.arm-none.win32_1.3.0.201507241045/tools/compiler/bin/../lib/gcc/arm-none-eabi/4.9.3/armv7e-m/fpu/crti.o
 .data          0x00000000        0x4 c:/ac6/systemworkbench/plugins/fr.ac6.mcu.externaltools.arm-none.win32_1.3.0.201507241045/tools/compiler/bin/../lib/gcc/arm-none-eabi/4.9.3/armv7e-m/fpu/crtbegin.o
 .text          0x00000000       0x74 c:/ac6/systemworkbench/plugins/fr.ac6.mcu.externaltools.arm-none.win32_1.3.0.201507241045/tools/compiler/bin/../lib/gcc/arm-none-eabi/4.9.3/../../../../arm-none-eabi/lib/armv7e-m/fpu/crt0.o
 .data          0x00000000        0x0 c:/ac6/systemworkbench/plugins/fr.ac6.mcu.externaltools.arm-none.win32_1.3.0.201507241045/tools/compiler/bin/../lib/gcc/arm-none-eabi/4.9.3/../../../../arm-none-eabi/lib/armv7e-m/fpu/crt0.o
 .bss           0x00000000        0x0 c:/ac6/systemworkbench/plugins/fr.ac6.mcu.externaltools.arm-none.win32_1.3.0.201507241045/tools/compiler/bin/../lib/gcc/arm-none-eabi/4.9.3/../../../../arm-none-eabi/lib/armv7e-m/fpu/crt0.o
 .ARM.extab     0x00000000        0x0 c:/ac6/systemworkbench/plugins/fr.ac6.mcu.externaltools.arm-none.win32_1.3.0.201507241045/tools/compiler/bin/../lib/gcc/arm-none-eabi/4.9.3/../../../../arm-none-eabi/lib/armv7e-m/fpu/crt0.o
 .ARM.exidx     0x00000000        0x8 c:/ac6/systemworkbench/plugins/fr.ac6.mcu.externaltools.arm-none.win32_1.3.0.201507241045/tools/compiler/bin/../lib/gcc/arm-none-eabi/4.9.3/../../../../arm-none-eabi/lib/armv7e-m/fpu/crt0.o
 .ARM.attributes
                0x00000000       0x20 c:/ac6/systemworkbench/plugins/fr.ac6.mcu.externaltools.arm-none.win32_1.3.0.201507241045/tools/compiler/bin/../lib/gcc/arm-none-eabi/4.9.3/../../../../arm-none-eabi/lib/armv7e-m/fpu/crt0.o
 .group         0x00000000        0x8 ./Drivers/STM32F4xx_HAL_Driver/stm32f4xx_hal.o
 .group         0x00000000        0x8 ./Drivers/STM32F4xx_HAL_Driver/stm32f4xx_hal.o
 .group         0x00000000        0x8 ./Drivers/STM32F4xx_HAL_Driver/stm32f4xx_hal.o
[...]
Memory Configuration

Name             Origin             Length             Attributes
FLASH            0x08000000         0x00100000         xr
RAM              0x20000000         0x00020000         xrw
CCMRAM           0x10000000         0x00010000         rw
*default*        0x00000000         0xffffffff

Linker script and memory map

LOAD c:/ac6/systemworkbench/plugins/fr.ac6.mcu.externaltools.arm-none.win32_1.3.0.201507241045/tools/compiler/bin/../lib/gcc/arm-none-eabi/4.9.3/armv7e-m/fpu/crti.o
LOAD c:/ac6/systemworkbench/plugins/fr.ac6.mcu.externaltools.arm-none.win32_1.3.0.201507241045/tools/compiler/bin/../lib/gcc/arm-none-eabi/4.9.3/armv7e-m/fpu/crtbegin.o
LOAD c:/ac6/systemworkbench/plugins/fr.ac6.mcu.externaltools.arm-none.win32_1.3.0.201507241045/tools/compiler/bin/../lib/gcc/arm-none-eabi/4.9.3/../../../../arm-none-eabi/lib/armv7e-m/fpu/crt0.o
LOAD c:/ac6/systemworkbench/plugins/fr.ac6.mcu.externaltools.arm-none.win32_1.3.0.201507241045/tools/compiler/bin/../lib/gcc/arm-none-eabi/4.9.3/../../../../arm-none-eabi/lib/armv7e-m/fpu\libm.a
LOAD ./Drivers/STM32F4xx_HAL_Driver/stm32f4xx_hal.o
LOAD ./Drivers/STM32F4xx_HAL_Driver/stm32f4xx_hal_cortex.o
LOAD ./Drivers/STM32F4xx_HAL_Driver/stm32f4xx_hal_dma.o
LOAD ./Drivers/STM32F4xx_HAL_Driver/stm32f4xx_hal_dma_ex.o
LOAD ./Drivers/STM32F4xx_HAL_Driver/stm32f4xx_hal_flash.o
LOAD ./Drivers/STM32F4xx_HAL_Driver/stm32f4xx_hal_flash_ex.o
LOAD ./Drivers/STM32F4xx_HAL_Driver/stm32f4xx_hal_flash_ramfunc.o
LOAD ./Drivers/STM32F4xx_HAL_Driver/stm32f4xx_hal_gpio.o
LOAD ./Drivers/STM32F4xx_HAL_Driver/stm32f4xx_hal_pwr.o
LOAD ./Drivers/STM32F4xx_HAL_Driver/stm32f4xx_hal_pwr_ex.o
LOAD ./Drivers/STM32F4xx_HAL_Driver/stm32f4xx_hal_rcc.o
LOAD ./Drivers/STM32F4xx_HAL_Driver/stm32f4xx_hal_rcc_ex.o
LOAD ./Drivers/STM32F4xx_HAL_Driver/stm32f4xx_hal_rng.o
LOAD ./Drivers/CMSIS/system_stm32f4xx.o
LOAD ./Application/User/gpio.o
LOAD ./Application/User/main.o
LOAD ./Application/User/rng.o
LOAD ./Application/User/stm32f4xx_hal_msp.o
LOAD ./Application/User/stm32f4xx_it.o
LOAD ./Application/SW4STM32/startup_stm32f407xx.o
START GROUP
LOAD c:/ac6/systemworkbench/plugins/fr.ac6.mcu.externaltools.arm-none.win32_1.3.0.201507241045/tools/compiler/bin/../lib/gcc/arm-none-eabi/4.9.3/armv7e-m/fpu\libgcc.a
LOAD c:/ac6/systemworkbench/plugins/fr.ac6.mcu.externaltools.arm-none.win32_1.3.0.201507241045/tools/compiler/bin/../lib/gcc/arm-none-eabi/4.9.3/../../../../arm-none-eabi/lib/armv7e-m/fpu\libc_nano.a
END GROUP
START GROUP
LOAD c:/ac6/systemworkbench/plugins/fr.ac6.mcu.externaltools.arm-none.win32_1.3.0.201507241045/tools/compiler/bin/../lib/gcc/arm-none-eabi/4.9.3/armv7e-m/fpu\libgcc.a
LOAD c:/ac6/systemworkbench/plugins/fr.ac6.mcu.externaltools.arm-none.win32_1.3.0.201507241045/tools/compiler/bin/../lib/gcc/arm-none-eabi/4.9.3/../../../../arm-none-eabi/lib/armv7e-m/fpu\libc_nano.a
LOAD c:/ac6/systemworkbench/plugins/fr.ac6.mcu.externaltools.arm-none.win32_1.3.0.201507241045/tools/compiler/bin/../lib/gcc/arm-none-eabi/4.9.3/../../../../arm-none-eabi/lib/armv7e-m/fpu\libnosys.a
END GROUP
START GROUP
LOAD c:/ac6/systemworkbench/plugins/fr.ac6.mcu.externaltools.arm-none.win32_1.3.0.201507241045/tools/compiler/bin/../lib/gcc/arm-none-eabi/4.9.3/armv7e-m/fpu\libgcc.a
LOAD c:/ac6/systemworkbench/plugins/fr.ac6.mcu.externaltools.arm-none.win32_1.3.0.201507241045/tools/compiler/bin/../lib/gcc/arm-none-eabi/4.9.3/../../../../arm-none-eabi/lib/armv7e-m/fpu\libc_nano.a
LOAD c:/ac6/systemworkbench/plugins/fr.ac6.mcu.externaltools.arm-none.win32_1.3.0.201507241045/tools/compiler/bin/../lib/gcc/arm-none-eabi/4.9.3/../../../../arm-none-eabi/lib/armv7e-m/fpu\libnosys.a
END GROUP
LOAD c:/ac6/systemworkbench/plugins/fr.ac6.mcu.externaltools.arm-none.win32_1.3.0.201507241045/tools/compiler/bin/../lib/gcc/arm-none-eabi/4.9.3/armv7e-m/fpu/crtend.o
LOAD c:/ac6/systemworkbench/plugins/fr.ac6.mcu.externaltools.arm-none.win32_1.3.0.201507241045/tools/compiler/bin/../lib/gcc/arm-none-eabi/4.9.3/armv7e-m/fpu/crtn.o
                0x20020000                _estack = 0x20020000
                0x00000000                _Min_Heap_Size = 0x0
                0x00000000                _Min_Stack_Size = 0x0

.isr_vector     0x08000000      0x188
                0x08000000                . = ALIGN (0x4)
 *(.isr_vector)
 .isr_vector    0x08000000      0x188 ./Application/SW4STM32/startup_stm32f407xx.o
                0x08000000                g_pfnVectors
                0x08000188                . = ALIGN (0x4)

.text           0x08000188      0xe98
                0x08000188                . = ALIGN (0x4)
 *(.text)
 .text          0x08000188       0x5c c:/ac6/systemworkbench/plugins/fr.ac6.mcu.externaltools.arm-none.win32_1.3.0.201507241045/tools/compiler/bin/../lib/gcc/arm-none-eabi/4.9.3/armv7e-m/fpu/crtbegin.o
 *(.text*)
 .text.HAL_InitTick
                0x080001e4       0x24 ./Drivers/STM32F4xx_HAL_Driver/stm32f4xx_hal.o
                0x080001e4                HAL_InitTick
 .text.HAL_Init
                0x08000208       0x34 ./Drivers/STM32F4xx_HAL_Driver/stm32f4xx_hal.o
                0x08000208                HAL_Init
 .text.HAL_IncTick
                0x0800023c       0x10 ./Drivers/STM32F4xx_HAL_Driver/stm32f4xx_hal.o
                0x0800023c                HAL_IncTick
 .text.HAL_GetTick
                0x0800024c        0xc ./Drivers/STM32F4xx_HAL_Driver/stm32f4xx_hal.o
                0x0800024c                HAL_GetTick
 .text.HAL_Delay
                0x08000258       0x1a ./Drivers/STM32F4xx_HAL_Driver/stm32f4xx_hal.o
                0x08000258                HAL_Delay
 *fill*         0x08000272        0x2 
 .text.HAL_NVIC_SetPriorityGrouping
                0x08000274       0x24 ./Drivers/STM32F4xx_HAL_Driver/stm32f4xx_hal_cortex.o
                0x08000274                HAL_NVIC_SetPriorityGrouping
 .text.HAL_NVIC_SetPriority
                0x08000298       0x60 ./Drivers/STM32F4xx_HAL_Driver/stm32f4xx_hal_cortex.o
                0x08000298                HAL_NVIC_SetPriority
 .text.HAL_SYSTICK_Config
                0x080002f8       0x2c ./Drivers/STM32F4xx_HAL_Driver/stm32f4xx_hal_cortex.o
                0x080002f8                HAL_SYSTICK_Config
 .text.HAL_SYSTICK_CLKSourceConfig
                0x08000324       0x18 ./Drivers/STM32F4xx_HAL_Driver/stm32f4xx_hal_cortex.o
                0x08000324                HAL_SYSTICK_CLKSourceConfig
 .text.HAL_SYSTICK_Callback
                0x0800033c        0x2 ./Drivers/STM32F4xx_HAL_Driver/stm32f4xx_hal_cortex.o
                0x0800033c                HAL_SYSTICK_Callback
 .text.HAL_SYSTICK_IRQHandler
                0x0800033e        0x8 ./Drivers/STM32F4xx_HAL_Driver/stm32f4xx_hal_cortex.o
                0x0800033e                HAL_SYSTICK_IRQHandler
 *fill*         0x08000346        0x2 
 .text.HAL_GPIO_Init
                0x08000348      0x1c8 ./Drivers/STM32F4xx_HAL_Driver/stm32f4xx_hal_gpio.o
                0x08000348                HAL_GPIO_Init
 .text.HAL_GPIO_ReadPin
                0x08000510        0xc ./Drivers/STM32F4xx_HAL_Driver/stm32f4xx_hal_gpio.o
                0x08000510                HAL_GPIO_ReadPin
 .text.HAL_RCC_OscConfig
                0x0800051c      0x320 ./Drivers/STM32F4xx_HAL_Driver/stm32f4xx_hal_rcc.o
                0x0800051c                HAL_RCC_OscConfig
 .text.HAL_RCC_ClockConfig
                0x0800083c      0x208 ./Drivers/STM32F4xx_HAL_Driver/stm32f4xx_hal_rcc.o
                0x0800083c                HAL_RCC_ClockConfig
 .text.HAL_RCC_GetSysClockFreq
                0x08000a44       0x84 ./Drivers/STM32F4xx_HAL_Driver/stm32f4xx_hal_rcc.o
                0x08000a44                HAL_RCC_GetSysClockFreq
 .text.HAL_RCC_GetHCLKFreq
                0x08000ac8       0x38 ./Drivers/STM32F4xx_HAL_Driver/stm32f4xx_hal_rcc.o
                0x08000ac8                HAL_RCC_GetHCLKFreq
 .text.HAL_RNG_Init
                0x08000b00       0x3e ./Drivers/STM32F4xx_HAL_Driver/stm32f4xx_hal_rng.o
                0x08000b00                HAL_RNG_Init
 .text.HAL_RNG_GenerateRandomNumber
                0x08000b3e       0x54 ./Drivers/STM32F4xx_HAL_Driver/stm32f4xx_hal_rng.o
                0x08000b3e                HAL_RNG_GenerateRandomNumber
 *fill*         0x08000b92        0x2 
 .text.SystemInit
                0x08000b94       0x4c ./Drivers/CMSIS/system_stm32f4xx.o
                0x08000b94                SystemInit
 .text.MX_GPIO_Init
                0x08000be0      0x1ec ./Application/User/gpio.o
                0x08000be0                MX_GPIO_Init
 .text.SystemClock_Config
                0x08000dcc       0x94 ./Application/User/main.o
                0x08000dcc                SystemClock_Config
 .text.startup.main
                0x08000e60       0xb0 ./Application/User/main.o
                0x08000e60                main
 .text.MX_RNG_Init
                0x08000f10       0x14 ./Application/User/rng.o
                0x08000f10                MX_RNG_Init
 .text.HAL_RNG_MspInit
                0x08000f24       0x1c ./Application/User/rng.o
                0x08000f24                HAL_RNG_MspInit
 .text.HAL_MspInit
                0x08000f40       0x18 ./Application/User/stm32f4xx_hal_msp.o
                0x08000f40                HAL_MspInit
 .text.SysTick_Handler
                0x08000f58        0xe ./Application/User/stm32f4xx_it.o
                0x08000f58                SysTick_Handler
 *fill*         0x08000f66        0x2 
 .text.Reset_Handler
                0x08000f68       0x50 ./Application/SW4STM32/startup_stm32f407xx.o
                0x08000f68                Reset_Handler
 .text.Default_Handler
                0x08000fb8        0x2 ./Application/SW4STM32/startup_stm32f407xx.o
                0x08000fb8                RTC_Alarm_IRQHandler
                0x08000fb8                HASH_RNG_IRQHandler
                0x08000fb8                EXTI2_IRQHandler
                0x08000fb8                TIM8_CC_IRQHandler
                0x08000fb8                DebugMon_Handler
                0x08000fb8                TIM1_CC_IRQHandler
                0x08000fb8                DMA2_Stream5_IRQHandler
                0x08000fb8                HardFault_Handler
                0x08000fb8                DMA1_Stream5_IRQHandler
                0x08000fb8                PVD_IRQHandler
                0x08000fb8                SDIO_IRQHandler
                0x08000fb8                TAMP_STAMP_IRQHandler
                0x08000fb8                PendSV_Handler
                0x08000fb8                NMI_Handler
                0x08000fb8                CAN2_RX1_IRQHandler
                0x08000fb8                EXTI3_IRQHandler
                0x08000fb8                TIM8_TRG_COM_TIM14_IRQHandler
                0x08000fb8                TIM1_UP_TIM10_IRQHandler
                0x08000fb8                TIM8_UP_TIM13_IRQHandler
                0x08000fb8                I2C3_ER_IRQHandler
                0x08000fb8                EXTI0_IRQHandler
                0x08000fb8                I2C2_EV_IRQHandler
                0x08000fb8                DMA1_Stream2_IRQHandler
                0x08000fb8                CAN1_RX0_IRQHandler
                0x08000fb8                FPU_IRQHandler
                0x08000fb8                OTG_HS_WKUP_IRQHandler
                0x08000fb8                UsageFault_Handler
                0x08000fb8                CAN2_SCE_IRQHandler
                0x08000fb8                DMA2_Stream2_IRQHandler
                0x08000fb8                SPI1_IRQHandler
                0x08000fb8                TIM6_DAC_IRQHandler
                0x08000fb8                TIM1_BRK_TIM9_IRQHandler
                0x08000fb8                DCMI_IRQHandler
                0x08000fb8                CAN2_RX0_IRQHandler
                0x08000fb8                DMA2_Stream3_IRQHandler
                0x08000fb8                USART6_IRQHandler
                0x08000fb8                USART3_IRQHandler
                0x08000fb8                CAN1_RX1_IRQHandler
                0x08000fb8                UART5_IRQHandler
                0x08000fb8                DMA2_Stream0_IRQHandler
                0x08000fb8                TIM4_IRQHandler
                0x08000fb8                I2C1_EV_IRQHandler
                0x08000fb8                DMA1_Stream6_IRQHandler
                0x08000fb8                DMA1_Stream1_IRQHandler
                0x08000fb8                UART4_IRQHandler
                0x08000fb8                TIM3_IRQHandler
                0x08000fb8                RCC_IRQHandler
                0x08000fb8                TIM8_BRK_TIM12_IRQHandler
                0x08000fb8                Default_Handler
                0x08000fb8                EXTI15_10_IRQHandler
                0x08000fb8                ADC_IRQHandler
                0x08000fb8                DMA1_Stream7_IRQHandler
                0x08000fb8                TIM7_IRQHandler
                0x08000fb8                CAN2_TX_IRQHandler
                0x08000fb8                TIM5_IRQHandler
                0x08000fb8                DMA2_Stream7_IRQHandler
                0x08000fb8                I2C3_EV_IRQHandler
                0x08000fb8                EXTI9_5_IRQHandler
                0x08000fb8                RTC_WKUP_IRQHandler
                0x08000fb8                ETH_WKUP_IRQHandler
                0x08000fb8                SPI2_IRQHandler
                0x08000fb8                OTG_HS_EP1_IN_IRQHandler
                0x08000fb8                MemManage_Handler
                0x08000fb8                DMA1_Stream0_IRQHandler
                0x08000fb8                CAN1_TX_IRQHandler
                0x08000fb8                SVC_Handler
                0x08000fb8                EXTI4_IRQHandler
                0x08000fb8                FSMC_IRQHandler
                0x08000fb8                ETH_IRQHandler
                0x08000fb8                OTG_HS_EP1_OUT_IRQHandler
                0x08000fb8                WWDG_IRQHandler
                0x08000fb8                TIM2_IRQHandler
                0x08000fb8                OTG_FS_WKUP_IRQHandler
                0x08000fb8                TIM1_TRG_COM_TIM11_IRQHandler
                0x08000fb8                OTG_HS_IRQHandler
                0x08000fb8                EXTI1_IRQHandler
                0x08000fb8                USART2_IRQHandler
                0x08000fb8                I2C2_ER_IRQHandler
                0x08000fb8                DMA2_Stream1_IRQHandler
                0x08000fb8                CAN1_SCE_IRQHandler
                0x08000fb8                FLASH_IRQHandler
                0x08000fb8                DMA2_Stream4_IRQHandler
                0x08000fb8                BusFault_Handler
                0x08000fb8                USART1_IRQHandler
                0x08000fb8                OTG_FS_IRQHandler
                0x08000fb8                SPI3_IRQHandler
                0x08000fb8                DMA1_Stream4_IRQHandler
                0x08000fb8                I2C1_ER_IRQHandler
                0x08000fb8                DMA2_Stream6_IRQHandler
                0x08000fb8                DMA1_Stream3_IRQHandler
 *fill*         0x08000fba        0x2 
 .text.__libc_init_array
                0x08000fbc       0x4c c:/ac6/systemworkbench/plugins/fr.ac6.mcu.externaltools.arm-none.win32_1.3.0.201507241045/tools/compiler/bin/../lib/gcc/arm-none-eabi/4.9.3/../../../../arm-none-eabi/lib/armv7e-m/fpu\libc_nano.a(lib_a-init.o)
                0x08000fbc                __libc_init_array
 *(.glue_7)
 .glue_7        0x00000000        0x0 linker stubs
 *(.glue_7t)
 .glue_7t       0x00000000        0x0 linker stubs
 *(.eh_frame)
 .eh_frame      0x08001008        0x0 c:/ac6/systemworkbench/plugins/fr.ac6.mcu.externaltools.arm-none.win32_1.3.0.201507241045/tools/compiler/bin/../lib/gcc/arm-none-eabi/4.9.3/armv7e-m/fpu/crtbegin.o
 *(.init)
 .init          0x08001008        0x4 c:/ac6/systemworkbench/plugins/fr.ac6.mcu.externaltools.arm-none.win32_1.3.0.201507241045/tools/compiler/bin/../lib/gcc/arm-none-eabi/4.9.3/armv7e-m/fpu/crti.o
                0x08001008                _init
 .init          0x0800100c        0x8 c:/ac6/systemworkbench/plugins/fr.ac6.mcu.externaltools.arm-none.win32_1.3.0.201507241045/tools/compiler/bin/../lib/gcc/arm-none-eabi/4.9.3/armv7e-m/fpu/crtn.o
 *(.fini)
 .fini          0x08001014        0x4 c:/ac6/systemworkbench/plugins/fr.ac6.mcu.externaltools.arm-none.win32_1.3.0.201507241045/tools/compiler/bin/../lib/gcc/arm-none-eabi/4.9.3/armv7e-m/fpu/crti.o
                0x08001014                _fini
 .fini          0x08001018        0x8 c:/ac6/systemworkbench/plugins/fr.ac6.mcu.externaltools.arm-none.win32_1.3.0.201507241045/tools/compiler/bin/../lib/gcc/arm-none-eabi/4.9.3/armv7e-m/fpu/crtn.o
                0x08001020                . = ALIGN (0x4)
                0x08001020                _etext = .

.vfp11_veneer   0x08001020        0x0
 .vfp11_veneer  0x00000000        0x0 linker stubs

.v4_bx          0x08001020        0x0
 .v4_bx         0x00000000        0x0 linker stubs

.iplt           0x08001020        0x0
 .iplt          0x00000000        0x0 c:/ac6/systemworkbench/plugins/fr.ac6.mcu.externaltools.arm-none.win32_1.3.0.201507241045/tools/compiler/bin/../lib/gcc/arm-none-eabi/4.9.3/armv7e-m/fpu/crtbegin.o

.rodata         0x08001020       0x18
                0x08001020                . = ALIGN (0x4)
 *(.rodata)
 .rodata        0x08001020       0x10 ./Drivers/STM32F4xx_HAL_Driver/stm32f4xx_hal_rcc.o
                0x08001020                APBAHBPrescTable
 .rodata        0x08001030        0x8 ./Application/User/main.o
 *(.rodata*)
                0x08001038                . = ALIGN (0x4)

.rel.dyn        0x08001038        0x0
 .rel.iplt      0x00000000        0x0 c:/ac6/systemworkbench/plugins/fr.ac6.mcu.externaltools.arm-none.win32_1.3.0.201507241045/tools/compiler/bin/../lib/gcc/arm-none-eabi/4.9.3/armv7e-m/fpu/crtbegin.o

.ARM.extab
 *(.ARM.extab* .gnu.linkonce.armextab.*)

.ARM            0x08001038        0x0
                0x08001038                __exidx_start = .
 *(.ARM.exidx*)
                0x08001038                __exidx_end = .

.preinit_array  0x08001038        0x0
                0x08001038                PROVIDE (__preinit_array_start, .)
 *(.preinit_array*)
                0x08001038                PROVIDE (__preinit_array_end, .)

.init_array     0x08001038        0x4
                0x08001038                PROVIDE (__init_array_start, .)
 *(SORT(.init_array.*))
 *(.init_array*)
 .init_array    0x08001038        0x4 c:/ac6/systemworkbench/plugins/fr.ac6.mcu.externaltools.arm-none.win32_1.3.0.201507241045/tools/compiler/bin/../lib/gcc/arm-none-eabi/4.9.3/armv7e-m/fpu/crtbegin.o
                0x0800103c                PROVIDE (__init_array_end, .)

.fini_array     0x0800103c        0x4
                0x0800103c                PROVIDE (__fini_array_start, .)
 *(SORT(.fini_array.*))
 *(.fini_array*)
 .fini_array    0x0800103c        0x4 c:/ac6/systemworkbench/plugins/fr.ac6.mcu.externaltools.arm-none.win32_1.3.0.201507241045/tools/compiler/bin/../lib/gcc/arm-none-eabi/4.9.3/armv7e-m/fpu/crtbegin.o
                0x08001040                PROVIDE (__fini_array_end, .)
                0x08001040                _sidata = LOADADDR (.data)

.data           0x20000000        0x4 load address 0x08001040
                0x20000000                . = ALIGN (0x4)
                0x20000000                _sdata = .
 *(.data)
 .data          0x20000000        0x4 ./Drivers/CMSIS/system_stm32f4xx.o
                0x20000000                SystemCoreClock
 *(.data*)
                0x20000004                . = ALIGN (0x4)
                0x20000004                _edata = .
                0x08001044                _siccmram = LOADADDR (.ccmram)

.jcr            0x20000004        0x0 load address 0x08001044
 .jcr           0x20000004        0x0 c:/ac6/systemworkbench/plugins/fr.ac6.mcu.externaltools.arm-none.win32_1.3.0.201507241045/tools/compiler/bin/../lib/gcc/arm-none-eabi/4.9.3/armv7e-m/fpu/crtbegin.o

.igot.plt       0x20000004        0x0 load address 0x08001044
 .igot.plt      0x00000000        0x0 c:/ac6/systemworkbench/plugins/fr.ac6.mcu.externaltools.arm-none.win32_1.3.0.201507241045/tools/compiler/bin/../lib/gcc/arm-none-eabi/4.9.3/armv7e-m/fpu/crtbegin.o

.ccmram         0x10000000        0x0 load address 0x08001044
                0x10000000                . = ALIGN (0x4)
                0x10000000                _sccmram = .
 *(.ccmram)
 *(.ccmram*)
                0x10000000                . = ALIGN (0x4)
                0x10000000                _eccmram = .
                0x10000000                . = ALIGN (0x4)

.bss            0x20000004       0x2c
                0x20000004                _sbss = .
                0x20000004                __bss_start__ = _sbss
 *(.bss)
 .bss           0x20000004       0x1c c:/ac6/systemworkbench/plugins/fr.ac6.mcu.externaltools.arm-none.win32_1.3.0.201507241045/tools/compiler/bin/../lib/gcc/arm-none-eabi/4.9.3/armv7e-m/fpu/crtbegin.o
 .bss           0x20000020        0x4 ./Drivers/STM32F4xx_HAL_Driver/stm32f4xx_hal.o
 *(.bss*)
 *(COMMON)
 COMMON         0x20000024        0xc ./Application/User/rng.o
                0x20000024                hrng
                0x20000030                . = ALIGN (0x4)
                0x20000030                _ebss = .
                0x20000030                __bss_end__ = _ebss

._user_heap_stack
                0x20000030        0x0
                0x20000030                . = ALIGN (0x4)
                0x20000030                PROVIDE (end, .)
                0x20000030                PROVIDE (_end, .)
                0x20000030                . = (. + _Min_Heap_Size)
                0x20000030                . = (. + _Min_Stack_Size)
                0x20000030                . = ALIGN (0x4)

/DISCARD/
 libc.a(*)
 libm.a(*)
 libgcc.a(*)

.ARM.attributes
                0x00000000       0x30
 *(.ARM.attributes)
 .ARM.attributes
                0x00000000       0x22 c:/ac6/systemworkbench/plugins/fr.ac6.mcu.externaltools.arm-none.win32_1.3.0.201507241045/tools/compiler/bin/../lib/gcc/arm-none-eabi/4.9.3/armv7e-m/fpu/crti.o
 .ARM.attributes
                0x00000022       0x34 c:/ac6/systemworkbench/plugins/fr.ac6.mcu.externaltools.arm-none.win32_1.3.0.201507241045/tools/compiler/bin/../lib/gcc/arm-none-eabi/4.9.3/armv7e-m/fpu/crtbegin.o
 .ARM.attributes
                0x00000056       0x39 ./Drivers/STM32F4xx_HAL_Driver/stm32f4xx_hal.o
 .ARM.attributes
                0x0000008f       0x39 ./Drivers/STM32F4xx_HAL_Driver/stm32f4xx_hal_cortex.o
 .ARM.attributes
                0x000000c8       0x39 ./Drivers/STM32F4xx_HAL_Driver/stm32f4xx_hal_gpio.o
 .ARM.attributes
                0x00000101       0x39 ./Drivers/STM32F4xx_HAL_Driver/stm32f4xx_hal_rcc.o
 .ARM.attributes
                0x0000013a       0x39 ./Drivers/STM32F4xx_HAL_Driver/stm32f4xx_hal_rng.o
 .ARM.attributes
                0x00000173       0x39 ./Drivers/CMSIS/system_stm32f4xx.o
 .ARM.attributes
                0x000001ac       0x39 ./Application/User/gpio.o
 .ARM.attributes
                0x000001e5       0x39 ./Application/User/main.o
 .ARM.attributes
                0x0000021e       0x39 ./Application/User/rng.o
 .ARM.attributes
                0x00000257       0x39 ./Application/User/stm32f4xx_hal_msp.o
 .ARM.attributes
                0x00000290       0x39 ./Application/User/stm32f4xx_it.o
 .ARM.attributes
                0x000002c9       0x21 ./Application/SW4STM32/startup_stm32f407xx.o
 .ARM.attributes
                0x000002ea       0x34 c:/ac6/systemworkbench/plugins/fr.ac6.mcu.externaltools.arm-none.win32_1.3.0.201507241045/tools/compiler/bin/../lib/gcc/arm-none-eabi/4.9.3/../../../../arm-none-eabi/lib/armv7e-m/fpu\libc_nano.a(lib_a-init.o)
 .ARM.attributes
                0x0000031e       0x22 c:/ac6/systemworkbench/plugins/fr.ac6.mcu.externaltools.arm-none.win32_1.3.0.201507241045/tools/compiler/bin/../lib/gcc/arm-none-eabi/4.9.3/armv7e-m/fpu/crtn.o
OUTPUT(tester Configuration.elf elf32-littlearm)

.debug_info     0x00000000     0x4eab
 .debug_info    0x00000000      0x9bf ./Drivers/STM32F4xx_HAL_Driver/stm32f4xx_hal.o
 .debug_info    0x000009bf      0xccf ./Drivers/STM32F4xx_HAL_Driver/stm32f4xx_hal_cortex.o
 .debug_info    0x0000168e      0x70e ./Drivers/STM32F4xx_HAL_Driver/stm32f4xx_hal_gpio.o
 .debug_info    0x00001d9c     0x102c ./Drivers/STM32F4xx_HAL_Driver/stm32f4xx_hal_rcc.o
 .debug_info    0x00002dc8      0x514 ./Drivers/STM32F4xx_HAL_Driver/stm32f4xx_hal_rng.o
 .debug_info    0x000032dc      0x4a9 ./Drivers/CMSIS/system_stm32f4xx.o
 .debug_info    0x00003785      0x5e4 ./Application/User/gpio.o
 .debug_info    0x00003d69      0x830 ./Application/User/main.o
 .debug_info    0x00004599      0x409 ./Application/User/rng.o
 .debug_info    0x000049a2      0x361 ./Application/User/stm32f4xx_hal_msp.o
 .debug_info    0x00004d03       0xdb ./Application/User/stm32f4xx_it.o
 .debug_info    0x00004dde       0xcd ./Application/SW4STM32/startup_stm32f407xx.o

.debug_abbrev   0x00000000     0x1354
 .debug_abbrev  0x00000000      0x275 ./Drivers/STM32F4xx_HAL_Driver/stm32f4xx_hal.o
 .debug_abbrev  0x00000275      0x2e8 ./Drivers/STM32F4xx_HAL_Driver/stm32f4xx_hal_cortex.o
 .debug_abbrev  0x0000055d      0x1c9 ./Drivers/STM32F4xx_HAL_Driver/stm32f4xx_hal_gpio.o
 .debug_abbrev  0x00000726      0x2e7 ./Drivers/STM32F4xx_HAL_Driver/stm32f4xx_hal_rcc.o
 .debug_abbrev  0x00000a0d      0x21d ./Drivers/STM32F4xx_HAL_Driver/stm32f4xx_hal_rng.o
 .debug_abbrev  0x00000c2a      0x104 ./Drivers/CMSIS/system_stm32f4xx.o
 .debug_abbrev  0x00000d2e      0x14b ./Application/User/gpio.o
 .debug_abbrev  0x00000e79      0x21a ./Application/User/main.o
 .debug_abbrev  0x00001093      0x145 ./Application/User/rng.o
 .debug_abbrev  0x000011d8       0xd4 ./Application/User/stm32f4xx_hal_msp.o
 .debug_abbrev  0x000012ac       0x96 ./Application/User/stm32f4xx_it.o
 .debug_abbrev  0x00001342       0x12 ./Application/SW4STM32/startup_stm32f407xx.o

.debug_loc      0x00000000     0x125e
 .debug_loc     0x00000000       0xa8 ./Drivers/STM32F4xx_HAL_Driver/stm32f4xx_hal.o
 .debug_loc     0x000000a8      0x31e ./Drivers/STM32F4xx_HAL_Driver/stm32f4xx_hal_cortex.o
 .debug_loc     0x000003c6      0x3b7 ./Drivers/STM32F4xx_HAL_Driver/stm32f4xx_hal_gpio.o
 .debug_loc     0x0000077d      0x77b ./Drivers/STM32F4xx_HAL_Driver/stm32f4xx_hal_rcc.o
 .debug_loc     0x00000ef8      0x261 ./Drivers/STM32F4xx_HAL_Driver/stm32f4xx_hal_rng.o
 .debug_loc     0x00001159       0xda ./Drivers/CMSIS/system_stm32f4xx.o
 .debug_loc     0x00001233       0x2b ./Application/User/main.o

.debug_aranges  0x00000000      0x3b8
 .debug_aranges
                0x00000000       0xc0 ./Drivers/STM32F4xx_HAL_Driver/stm32f4xx_hal.o
 .debug_aranges
                0x000000c0       0x90 ./Drivers/STM32F4xx_HAL_Driver/stm32f4xx_hal_cortex.o
 .debug_aranges
                0x00000150       0x58 ./Drivers/STM32F4xx_HAL_Driver/stm32f4xx_hal_gpio.o
 .debug_aranges
                0x000001a8       0x88 ./Drivers/STM32F4xx_HAL_Driver/stm32f4xx_hal_rcc.o
 .debug_aranges
                0x00000230       0x80 ./Drivers/STM32F4xx_HAL_Driver/stm32f4xx_hal_rng.o
 .debug_aranges
                0x000002b0       0x28 ./Drivers/CMSIS/system_stm32f4xx.o
 .debug_aranges
                0x000002d8       0x20 ./Application/User/gpio.o
 .debug_aranges
                0x000002f8       0x28 ./Application/User/main.o
 .debug_aranges
                0x00000320       0x30 ./Application/User/rng.o
 .debug_aranges
                0x00000350       0x20 ./Application/User/stm32f4xx_hal_msp.o
 .debug_aranges
                0x00000370       0x20 ./Application/User/stm32f4xx_it.o
 .debug_aranges
                0x00000390       0x28 ./Application/SW4STM32/startup_stm32f407xx.o

.debug_ranges   0x00000000      0x468
 .debug_ranges  0x00000000       0xb0 ./Drivers/STM32F4xx_HAL_Driver/stm32f4xx_hal.o
 .debug_ranges  0x000000b0      0x118 ./Drivers/STM32F4xx_HAL_Driver/stm32f4xx_hal_cortex.o
 .debug_ranges  0x000001c8       0x60 ./Drivers/STM32F4xx_HAL_Driver/stm32f4xx_hal_gpio.o
 .debug_ranges  0x00000228       0xc8 ./Drivers/STM32F4xx_HAL_Driver/stm32f4xx_hal_rcc.o
 .debug_ranges  0x000002f0       0x70 ./Drivers/STM32F4xx_HAL_Driver/stm32f4xx_hal_rng.o
 .debug_ranges  0x00000360       0x18 ./Drivers/CMSIS/system_stm32f4xx.o
 .debug_ranges  0x00000378       0x58 ./Application/User/gpio.o
 .debug_ranges  0x000003d0       0x38 ./Application/User/main.o
 .debug_ranges  0x00000408       0x20 ./Application/User/rng.o
 .debug_ranges  0x00000428       0x10 ./Application/User/stm32f4xx_hal_msp.o
 .debug_ranges  0x00000438       0x10 ./Application/User/stm32f4xx_it.o
 .debug_ranges  0x00000448       0x20 ./Application/SW4STM32/startup_stm32f407xx.o

.debug_macro    0x00000000    0x11c4a
 .debug_macro   0x00000000      0x2a4 ./Drivers/STM32F4xx_HAL_Driver/stm32f4xx_hal.o
 .debug_macro   0x000002a4      0x886 ./Drivers/STM32F4xx_HAL_Driver/stm32f4xx_hal.o
 .debug_macro   0x00000b2a      0x1a2 ./Drivers/STM32F4xx_HAL_Driver/stm32f4xx_hal.o
 .debug_macro   0x00000ccc       0x2e ./Drivers/STM32F4xx_HAL_Driver/stm32f4xx_hal.o
 .debug_macro   0x00000cfa       0x28 ./Drivers/STM32F4xx_HAL_Driver/stm32f4xx_hal.o
 .debug_macro   0x00000d22       0x3b ./Drivers/STM32F4xx_HAL_Driver/stm32f4xx_hal.o
 .debug_macro   0x00000d5d       0x22 ./Drivers/STM32F4xx_HAL_Driver/stm32f4xx_hal.o
 .debug_macro   0x00000d7f       0x44 ./Drivers/STM32F4xx_HAL_Driver/stm32f4xx_hal.o
 .debug_macro   0x00000dc3       0x1c ./Drivers/STM32F4xx_HAL_Driver/stm32f4xx_hal.o
 .debug_macro   0x00000ddf      0x1f7 ./Drivers/STM32F4xx_HAL_Driver/stm32f4xx_hal.o
 .debug_macro   0x00000fd6       0x2d ./Drivers/STM32F4xx_HAL_Driver/stm32f4xx_hal.o
 .debug_macro   0x00001003       0x26 ./Drivers/STM32F4xx_HAL_Driver/stm32f4xx_hal.o
 .debug_macro   0x00001029      0xd39 ./Drivers/STM32F4xx_HAL_Driver/stm32f4xx_hal.o
 .debug_macro   0x00001d62     0x9335 ./Drivers/STM32F4xx_HAL_Driver/stm32f4xx_hal.o
 .debug_macro   0x0000b097       0x43 ./Drivers/STM32F4xx_HAL_Driver/stm32f4xx_hal.o
 .debug_macro   0x0000b0da     0x2bf9 ./Drivers/STM32F4xx_HAL_Driver/stm32f4xx_hal.o
 .debug_macro   0x0000dcd3       0x58 ./Drivers/STM32F4xx_HAL_Driver/stm32f4xx_hal.o
 .debug_macro   0x0000dd2b       0x35 ./Drivers/STM32F4xx_HAL_Driver/stm32f4xx_hal.o
 .debug_macro   0x0000dd60       0x9c ./Drivers/STM32F4xx_HAL_Driver/stm32f4xx_hal.o
 .debug_macro   0x0000ddfc       0x16 ./Drivers/STM32F4xx_HAL_Driver/stm32f4xx_hal.o
 .debug_macro   0x0000de12       0x97 ./Drivers/STM32F4xx_HAL_Driver/stm32f4xx_hal.o
 .debug_macro   0x0000dea9      0x29d ./Drivers/STM32F4xx_HAL_Driver/stm32f4xx_hal.o
 .debug_macro   0x0000e146       0xef ./Drivers/STM32F4xx_HAL_Driver/stm32f4xx_hal.o
 .debug_macro   0x0000e235       0x10 ./Drivers/STM32F4xx_HAL_Driver/stm32f4xx_hal.o
 .debug_macro   0x0000e245       0x52 ./Drivers/STM32F4xx_HAL_Driver/stm32f4xx_hal.o
 .debug_macro   0x0000e297       0x16 ./Drivers/STM32F4xx_HAL_Driver/stm32f4xx_hal.o
 .debug_macro   0x0000e2ad       0x43 ./Drivers/STM32F4xx_HAL_Driver/stm32f4xx_hal.o
 .debug_macro   0x0000e2f0      0x180 ./Drivers/STM32F4xx_HAL_Driver/stm32f4xx_hal.o
 .debug_macro   0x0000e470       0x10 ./Drivers/STM32F4xx_HAL_Driver/stm32f4xx_hal.o
 .debug_macro   0x0000e480       0x22 ./Drivers/STM32F4xx_HAL_Driver/stm32f4xx_hal.o
 .debug_macro   0x0000e4a2       0xbd ./Drivers/STM32F4xx_HAL_Driver/stm32f4xx_hal.o
 .debug_macro   0x0000e55f       0x16 ./Drivers/STM32F4xx_HAL_Driver/stm32f4xx_hal.o
 .debug_macro   0x0000e575      0x196 ./Drivers/STM32F4xx_HAL_Driver/stm32f4xx_hal.o
 .debug_macro   0x0000e70b       0x50 ./Drivers/STM32F4xx_HAL_Driver/stm32f4xx_hal.o
 .debug_macro   0x0000e75b      0x432 ./Drivers/STM32F4xx_HAL_Driver/stm32f4xx_hal.o
 .debug_macro   0x0000eb8d      0xbb0 ./Drivers/STM32F4xx_HAL_Driver/stm32f4xx_hal.o
 .debug_macro   0x0000f73d      0x11e ./Drivers/STM32F4xx_HAL_Driver/stm32f4xx_hal.o
 .debug_macro   0x0000f85b      0x13e ./Drivers/STM32F4xx_HAL_Driver/stm32f4xx_hal.o
 .debug_macro   0x0000f999       0x27 ./Drivers/STM32F4xx_HAL_Driver/stm32f4xx_hal.o
 .debug_macro   0x0000f9c0      0x272 ./Drivers/STM32F4xx_HAL_Driver/stm32f4xx_hal.o
 .debug_macro   0x0000fc32       0x5f ./Drivers/STM32F4xx_HAL_Driver/stm32f4xx_hal.o
 .debug_macro   0x0000fc91       0x5d ./Drivers/STM32F4xx_HAL_Driver/stm32f4xx_hal.o
 .debug_macro   0x0000fcee      0x13a ./Drivers/STM32F4xx_HAL_Driver/stm32f4xx_hal.o
 .debug_macro   0x0000fe28      0x21e ./Drivers/STM32F4xx_HAL_Driver/stm32f4xx_hal.o
 .debug_macro   0x00010046       0x2e ./Drivers/STM32F4xx_HAL_Driver/stm32f4xx_hal.o
 .debug_macro   0x00010074      0x12c ./Drivers/STM32F4xx_HAL_Driver/stm32f4xx_hal.o
 .debug_macro   0x000101a0       0x71 ./Drivers/STM32F4xx_HAL_Driver/stm32f4xx_hal.o
 .debug_macro   0x00010211       0x90 ./Drivers/STM32F4xx_HAL_Driver/stm32f4xx_hal.o
 .debug_macro   0x000102a1       0x7c ./Drivers/STM32F4xx_HAL_Driver/stm32f4xx_hal.o
 .debug_macro   0x0001031d      0x125 ./Drivers/STM32F4xx_HAL_Driver/stm32f4xx_hal.o
 .debug_macro   0x00010442      0x256 ./Drivers/STM32F4xx_HAL_Driver/stm32f4xx_hal_cortex.o
 .debug_macro   0x00010698      0x28e ./Drivers/STM32F4xx_HAL_Driver/stm32f4xx_hal_gpio.o
 .debug_macro   0x00010926      0x280 ./Drivers/STM32F4xx_HAL_Driver/stm32f4xx_hal_rcc.o
 .debug_macro   0x00010ba6      0x25c ./Drivers/STM32F4xx_HAL_Driver/stm32f4xx_hal_rng.o
 .debug_macro   0x00010e02      0x25c ./Drivers/CMSIS/system_stm32f4xx.o
 .debug_macro   0x0001105e      0x260 ./Application/User/gpio.o
 .debug_macro   0x000112be      0x276 ./Application/User/main.o
 .debug_macro   0x00011534      0x260 ./Application/User/rng.o
 .debug_macro   0x00011794      0x256 ./Application/User/stm32f4xx_hal_msp.o
 .debug_macro   0x000119ea      0x260 ./Application/User/stm32f4xx_it.o

.debug_line     0x00000000     0x5196
 .debug_line    0x00000000      0x7ee ./Drivers/STM32F4xx_HAL_Driver/stm32f4xx_hal.o
 .debug_line    0x000007ee      0x812 ./Drivers/STM32F4xx_HAL_Driver/stm32f4xx_hal_cortex.o
 .debug_line    0x00001000      0x81c ./Drivers/STM32F4xx_HAL_Driver/stm32f4xx_hal_gpio.o
 .debug_line    0x0000181c      0x98e ./Drivers/STM32F4xx_HAL_Driver/stm32f4xx_hal_rcc.o
 .debug_line    0x000021aa      0x7fd ./Drivers/STM32F4xx_HAL_Driver/stm32f4xx_hal_rng.o
 .debug_line    0x000029a7      0x6a2 ./Drivers/CMSIS/system_stm32f4xx.o
 .debug_line    0x00003049      0x6ce ./Application/User/gpio.o
 .debug_line    0x00003717      0x693 ./Application/User/main.o
 .debug_line    0x00003daa      0x68d ./Application/User/rng.o
 .debug_line    0x00004437      0x646 ./Application/User/stm32f4xx_hal_msp.o
 .debug_line    0x00004a7d      0x652 ./Application/User/stm32f4xx_it.o
 .debug_line    0x000050cf       0xc7 ./Application/SW4STM32/startup_stm32f407xx.o

.debug_str      0x00000000    0x6b325
 .debug_str     0x00000000    0x6a4f4 ./Drivers/STM32F4xx_HAL_Driver/stm32f4xx_hal.o
                              0x6a87f (size before relaxing)
 .debug_str     0x0006a4f4      0x2b8 ./Drivers/STM32F4xx_HAL_Driver/stm32f4xx_hal_cortex.o
                              0x6a5b9 (size before relaxing)
 .debug_str     0x0006a7ac      0x303 ./Drivers/STM32F4xx_HAL_Driver/stm32f4xx_hal_gpio.o
                              0x6a0de (size before relaxing)
 .debug_str     0x0006aaaf      0x3b6 ./Drivers/STM32F4xx_HAL_Driver/stm32f4xx_hal_rcc.o
                              0x6a289 (size before relaxing)
 .debug_str     0x0006ae65      0x278 ./Drivers/STM32F4xx_HAL_Driver/stm32f4xx_hal_rng.o
                              0x69f47 (size before relaxing)
 .debug_str     0x0006b0dd       0xa2 ./Drivers/CMSIS/system_stm32f4xx.o
                              0x69e8f (size before relaxing)
 .debug_str     0x0006b17f       0x3e ./Application/User/gpio.o
                              0x69e3e (size before relaxing)
 .debug_str     0x0006b1bd       0x92 ./Application/User/main.o
                              0x6a16c (size before relaxing)
 .debug_str     0x0006b24f       0x51 ./Application/User/rng.o
                              0x69f0b (size before relaxing)
 .debug_str     0x0006b2a0       0x34 ./Application/User/stm32f4xx_hal_msp.o
                              0x6a1cb (size before relaxing)
 .debug_str     0x0006b2d4       0x51 ./Application/User/stm32f4xx_it.o
                              0x69cbc (size before relaxing)

.comment        0x00000000       0x70
 .comment       0x00000000       0x70 ./Drivers/STM32F4xx_HAL_Driver/stm32f4xx_hal.o
                                 0x71 (size before relaxing)
 .comment       0x00000000       0x71 ./Drivers/STM32F4xx_HAL_Driver/stm32f4xx_hal_cortex.o
 .comment       0x00000000       0x71 ./Drivers/STM32F4xx_HAL_Driver/stm32f4xx_hal_gpio.o
 .comment       0x00000000       0x71 ./Drivers/STM32F4xx_HAL_Driver/stm32f4xx_hal_rcc.o
 .comment       0x00000000       0x71 ./Drivers/STM32F4xx_HAL_Driver/stm32f4xx_hal_rng.o
 .comment       0x00000000       0x71 ./Drivers/CMSIS/system_stm32f4xx.o
 .comment       0x00000000       0x71 ./Application/User/gpio.o
 .comment       0x00000000       0x71 ./Application/User/main.o
 .comment       0x00000000       0x71 ./Application/User/rng.o
 .comment       0x00000000       0x71 ./Application/User/stm32f4xx_hal_msp.o
 .comment       0x00000000       0x71 ./Application/User/stm32f4xx_it.o

.debug_frame    0x00000000      0x750
 .debug_frame   0x00000000      0x184 ./Drivers/STM32F4xx_HAL_Driver/stm32f4xx_hal.o
 .debug_frame   0x00000184      0x124 ./Drivers/STM32F4xx_HAL_Driver/stm32f4xx_hal_cortex.o
 .debug_frame   0x000002a8       0xc4 ./Drivers/STM32F4xx_HAL_Driver/stm32f4xx_hal_gpio.o
 .debug_frame   0x0000036c      0x158 ./Drivers/STM32F4xx_HAL_Driver/stm32f4xx_hal_rcc.o
 .debug_frame   0x000004c4      0x110 ./Drivers/STM32F4xx_HAL_Driver/stm32f4xx_hal_rng.o
 .debug_frame   0x000005d4       0x30 ./Drivers/CMSIS/system_stm32f4xx.o
 .debug_frame   0x00000604       0x3c ./Application/User/gpio.o
 .debug_frame   0x00000640       0x4c ./Application/User/main.o
 .debug_frame   0x0000068c       0x40 ./Application/User/rng.o
 .debug_frame   0x000006cc       0x2c ./Application/User/stm32f4xx_hal_msp.o
 .debug_frame   0x000006f8       0x2c ./Application/User/stm32f4xx_it.o
 .debug_frame   0x00000724       0x2c c:/ac6/systemworkbench/plugins/fr.ac6.mcu.externaltools.arm-none.win32_1.3.0.201507241045/tools/compiler/bin/../lib/gcc/arm-none-eabi/4.9.3/../../../../arm-none-eabi/lib/armv7e-m/fpu\libc_nano.a(lib_a-init.o)
